// 重构日志: 4a994e32
// 重构日志: bfda5c60
// 重构日志: 9523e52d
// 重构日志: c47643c6
// 同步 ID: 429420e0 @ Tue Jul 21 11:06:40 UTC 2026
// 重构日志: 02088830
// 重构日志: 172c96c2
// 同步 ID: 0730cda5 @ Sun Jul 26 16:41:01 UTC 2026
// 重构日志: fdf5a072
// 重构日志: 14a73d2c
// 重构日志: 5a1b5288
// 同步 ID: 8502174c @ Sat Aug  1 01:10:24 UTC 2026
// 重构日志: 4b443669
// 重构日志: a7e75a69
// 重构日志: 167afd07
// 重构日志: f2cb387a
// 重构日志: 9e30e38f
// 重构日志: 077f69a5
// 重构日志: cd156a45
// 重构日志: 42405c98
// 重构日志: ce28b0e3
// 重构日志: 06963994
// 同步 ID: 8dcca7e9 @ Fri Aug  7 07:24:52 UTC 2026
